Microchip MPLAB XC8 Compiler V2.32

Linker command line:

-W-3 --edf=C:\Program Files\Microchip\xc8\v2.32\pic\dat\en_msgs.txt -cn \
  -h+dist/default/production\MPU6050_Read.X.production.sym \
  --cmf=dist/default/production\MPU6050_Read.X.production.cmf -z -Q18F4550 \
  -oC:\Users\DELL\AppData\Local\Temp\xcAs5ig.4 --defsym=__MPLAB_BUILD=1 \
  -Mdist/default/production/MPU6050_Read.X.production.map -E1 \
  -ver=XC8 Compiler --acfsm=1493 -ASTACK=0150h-07FFh -pstack=STACK \
  -ACODE=00h-07FFFh -ACONST=00h-07FFFh -ASMALLCONST=0800h-08FFhx120 \
  -AMEDIUMCONST=0800h-07FFFh -ACOMRAM=01h-05Fh -AABS1=00h-07FFh \
  -ABIGRAM=01h-07FFh -ARAM=060h-0FFh,0100h-01FFhx7 -ABANK0=060h-0FFh \
  -ABANK1=0100h-01FFh -ABANK2=0200h-02FFh -ABANK3=0300h-03FFh \
  -ABANK4=0400h-04FFh -ABANK5=0500h-05FFh -ABANK6=0600h-06FFh \
  -ABANK7=0700h-07FFh -ASFR=0F60h-0FFFh -ACONFIG=0300000h-030000Dh \
  -AIDLOC=0200000h-0200007h -AEEDATA=0F00000h-0F000FFh -peeprom_data=EEDATA \
  -preset_vec=00h,intcode,intcodelo,powerup,init -pramtop=0800h \
  -psmallconst=SMALLCONST -pmediumconst=MEDIUMCONST -pconst=CONST \
  -AFARRAM=00h-00h \
  -prdata=COMRAM,nvrram=COMRAM,nvbit=COMRAM,rbss=COMRAM,rbit=COMRAM \
  -pfarbss=FARRAM,fardata=FARRAM,nvFARRAM=FARRAM \
  -pintsave_regs=BIGRAM,bigbss=BIGRAM,bigdata=BIGRAM -pbss=RAM \
  -pidata=CODE,irdata=CODE,ibigdata=CODE,ifardata=CODE -prparam=COMRAM \
  C:\Users\DELL\AppData\Local\Temp\xcAs5ig.o \
  dist/default/production\MPU6050_Read.X.production.o 

Object code version is 3.11

Machine type is 18F4550



                Name                               Link     Load   Length Selector   Space Scale
C:\Users\DELL\AppData\Local\Temp\xcAs5ig.o
                idloc                            200000   200000        8        0       5
                config                           300000   300000        E        0       4
                init                                  0        0        4        0       0
dist/default/production\MPU6050_Read.X.production.o
                idloc                            200000   200000        8        0       5
                config                           300000   300000        E        0       4
                smallconst                          800      800       54      400       0
                text54                             3D32     3D32       42      42A       0
                text53                             3B4E     3B4E       5C      42A       0
                text52                             3F48     3F48       20      42A       0
                text51                             4008     4008        E      42A       0
                text50                             3704     3704       8C      42A       0
                text49                             31F0     31F0       D2      42A       0
                text48                             3ECC     3ECC       34      42A       0
                text47                             3D74     3D74       40      42A       0
                text46                             3FF4     3FF4       14      42A       0
                text45                             3FE0     3FE0       14      42A       0
                text44                             3F86     3F86       1A      42A       0
                text43                             3F68     3F68       1E      42A       0
                text42                             3BAA     3BAA       5A      42A       0
                text41                             3FB6     3FB6       16      42A       0
                text40                             3FA0     3FA0       16      42A       0
                text39                             3FCC     3FCC       14      42A       0
                text38                             3DB4     3DB4       3A      42A       0
                text37                             22BA     22BA      39A      42A       0
                text36                             2ACE     2ACE      1B4      42A       0
                text35                             39C0     39C0       70      42A       0
                text34                             3950     3950       70      42A       0
                text33                             38E0     38E0       70      42A       0
                text32                             3870     3870       70      42A       0
                text31                             3800     3800       70      42A       0
                text30                             3790     3790       70      42A       0
                text29                             19D0     19D0      4C0      42A       0
                text28                             3670     3670       94      42A       0
                text27                             3F00     3F00       26      42A       0
                text26                             3E5E     3E5E       38      42A       0
                text25                             3C56     3C56       52      42A       0
                text24                             2C82     2C82      190      42A       0
                text23                             3452     3452       C4      42A       0
                text22                             3516     3516       B0      42A       0
                text21                             35C6     35C6       AA      42A       0
                text20                             2F18     2F18      104      42A       0
                text19                             1E90     1E90      42A      42A       0
                text18                             3E26     3E26       38      42A       0
                text17                             3CA8     3CA8       46      42A       0
                text16                             2E12     2E12      106      42A       0
                text15                             301C     301C       FE      42A       0
                text14                             28BC     28BC      212      42A       0
                text13                             4016     4016        2      42A       0
                text12                             32C2     32C2       CA      42A       0
                text11                             3CEE     3CEE       44      42A       0
                text10                             3E96     3E96       36      42A       0
                text9                              338C     338C       C6      42A       0
                text8                              3AF2     3AF2       5C      42A       0
                text7                              3DEE     3DEE       38      42A       0
                text6                              3A92     3A92       60      42A       0
                text5                               854      854      C58      42A       0
                text4                              311A     311A       D6      42A       0
                text3                              14AC     14AC      524      42A       0
                text2                              3A30     3A30       62      42A       0
                text1                              3C04     3C04       52      42A       0
                text0                              2654     2654      268      42A       0
                cstackCOMRAM                          1        1       5E        1       1
                cstackBANK0                          60       60       5E       60       1
                bssBANK1                            100      100       50      100       1
                bssBANK0                             BE       BE       3A       60       1
                cinit                              3F26     3F26       22      42A       0

TOTAL           Name                               Link     Load   Length     Space
        CLASS   STACK          

        CLASS   CODE           
                init                                  0        0        4         0
                text54                             3D32     3D32       42         0
                text53                             3B4E     3B4E       5C         0
                text52                             3F48     3F48       20         0
                text51                             4008     4008        E         0
                text50                             3704     3704       8C         0
                text49                             31F0     31F0       D2         0
                text48                             3ECC     3ECC       34         0
                text47                             3D74     3D74       40         0
                text46                             3FF4     3FF4       14         0
                text45                             3FE0     3FE0       14         0
                text44                             3F86     3F86       1A         0
                text43                             3F68     3F68       1E         0
                text42                             3BAA     3BAA       5A         0
                text41                             3FB6     3FB6       16         0
                text40                             3FA0     3FA0       16         0
                text39                             3FCC     3FCC       14         0
                text38                             3DB4     3DB4       3A         0
                text37                             22BA     22BA      39A         0
                text36                             2ACE     2ACE      1B4         0
                text35                             39C0     39C0       70         0
                text34                             3950     3950       70         0
                text33                             38E0     38E0       70         0
                text32                             3870     3870       70         0
                text31                             3800     3800       70         0
                text30                             3790     3790       70         0
                text29                             19D0     19D0      4C0         0
                text28                             3670     3670       94         0
                text27                             3F00     3F00       26         0
                text26                             3E5E     3E5E       38         0
                text25                             3C56     3C56       52         0
                text24                             2C82     2C82      190         0
                text23                             3452     3452       C4         0
                text22                             3516     3516       B0         0
                text21                             35C6     35C6       AA         0
                text20                             2F18     2F18      104         0
                text19                             1E90     1E90      42A         0
                text18                             3E26     3E26       38         0
                text17                             3CA8     3CA8       46         0
                text16                             2E12     2E12      106         0
                text15                             301C     301C       FE         0
                text14                             28BC     28BC      212         0
                text13                             4016     4016        2         0
                text12                             32C2     32C2       CA         0
                text11                             3CEE     3CEE       44         0
                text10                             3E96     3E96       36         0
                text9                              338C     338C       C6         0
                text8                              3AF2     3AF2       5C         0
                text7                              3DEE     3DEE       38         0
                text6                              3A92     3A92       60         0
                text5                               854      854      C58         0
                text4                              311A     311A       D6         0
                text3                              14AC     14AC      524         0
                text2                              3A30     3A30       62         0
                text1                              3C04     3C04       52         0
                text0                              2654     2654      268         0
                cinit                              3F26     3F26       22         0

        CLASS   CONST          

        CLASS   SMALLCONST     
                smallconst                          800      800       54         0

        CLASS   MEDIUMCONST    

        CLASS   COMRAM         
                cstackCOMRAM                          1        1       5E         1

        CLASS   ABS1           

        CLASS   BIGRAM         

        CLASS   RAM            

        CLASS   BANK0          
                cstackBANK0                          60       60       5E         1
                bssBANK0                             BE       BE       3A         1

        CLASS   BANK1          
                bssBANK1                            100      100       50         1

        CLASS   BANK2          

        CLASS   BANK3          

        CLASS   BANK4          

        CLASS   BANK5          

        CLASS   BANK6          

        CLASS   BANK7          

        CLASS   SFR            

        CLASS   CONFIG         
                config                           300000   300000        E         4

        CLASS   IDLOC          
                idloc                            200000   200000        8         5

        CLASS   EEDATA         

        CLASS   FARRAM         



SEGMENTS        Name                           Load    Length   Top    Selector   Space  Class

                reset_vec                      000000  000004  000004         0       0  CODE    
                cstackCOMRAM                   000001  00005E  00005F         1       1  COMRAM  
                cstackBANK0                    000060  000098  0000F8        60       1  BANK0   
                bssBANK1                       000100  000050  000150       100       1  BANK1   
                smallconst                     000800  000054  000854       400       0  SMALLCON
                text5                          000854  0037C4  004018       42A       0  CODE    


UNUSED ADDRESS RANGES

        Name                Unused          Largest block    Delta
        BANK0            0000F8-0000FF                8
        BANK1            000150-0001FF               B0
        BANK2            000200-0002FF              100
        BANK3            000300-0003FF              100
        BANK4            000400-0004FF              100
        BANK5            000500-0005FF              100
        BANK6            000600-0006FF              100
        BANK7            000700-0007FF              100
        BIGRAM           00005F-00005F                1
                         0000F8-0000FF                8
                         000150-0007FF              6B0
        CODE             000004-0007FF              7FC
                         004018-007FFF             3FE8
        COMRAM           00005F-00005F                1
        CONST            000004-0007FF              7FC
                         004018-007FFF             3FE8
        EEDATA           F00000-F000FF              100
        MEDIUMCONST      004018-007FFF             3FE8
        RAM              0000F8-0000FF                8
                         000150-0007FF              100
        SFR              000F60-000FFF               A0
        SMALLCONST       004018-007FFF              100
        STACK            000150-0007FF              6B0

                                  Symbol Table

?_MPU6050_Read                     cstackCOMRAM 000002
?_MPU6050_Read_Ax                  cstackCOMRAM 00002F
?_MPU6050_Read_Ay                  cstackCOMRAM 00002F
?_MPU6050_Read_Az                  cstackCOMRAM 00002F
?_MPU6050_Read_Gx                  cstackCOMRAM 00002F
?_MPU6050_Read_Gy                  cstackCOMRAM 00002F
?_MPU6050_Read_Gz                  cstackCOMRAM 00002F
?_MPU6050_Read_Temperature         cstackCOMRAM 00003F
?___awdiv                          cstackCOMRAM 000001
?___awmod                          cstackCOMRAM 000001
?___fladd                          cstackCOMRAM 00002F
?___fldiv                          cstackCOMRAM 000016
?___flmul                          cstackCOMRAM 000001
?___flneg                          cstackCOMRAM 000001
?___flsub                          cstackCOMRAM 00003F
?___fltol                          cstackCOMRAM 000001
?___fpclassifyf                    cstackCOMRAM 000001
?___wmul                           cstackCOMRAM 000001
?___xxtofl                         cstackCOMRAM 000008
?_atoi                             cstackCOMRAM 000008
?_efgtoa                           cstackCOMRAM 000047
?_floorf                           cstackCOMRAM 00002F
?_isdigit                          cstackCOMRAM 000001
?_isspace                          cstackCOMRAM 000001
?_isupper                          cstackCOMRAM 000001
?_pad                              cstackCOMRAM 000011
?_sprintf                          cstackBANK0  0000AC
?_strlen                           cstackCOMRAM 000001
?_strncmp                          cstackCOMRAM 000001
?_tolower                          cstackCOMRAM 000007
?_vfpfcnvrt                        cstackCOMRAM 000053
?_vfprintf                         cstackBANK0  0000A6
I2C_Init_Master@sp_i2c             cstackCOMRAM 000001
I2C_Write@data                     cstackCOMRAM 000001
Lcd_Cmd@a                          cstackCOMRAM 000003
Lcd_Port@a                         cstackCOMRAM 000001
Lcd_Set_Cursor@a                   cstackCOMRAM 000005
Lcd_Set_Cursor@b                   cstackCOMRAM 000004
Lcd_Set_Cursor@temp                cstackCOMRAM 000008
Lcd_Set_Cursor@y                   cstackCOMRAM 000007
Lcd_Set_Cursor@z                   cstackCOMRAM 000006
Lcd_Write_Char@a                   cstackCOMRAM 000004
Lcd_Write_Char@temp                cstackCOMRAM 000002
Lcd_Write_Char@y                   cstackCOMRAM 000003
Lcd_Write_String@a                 cstackCOMRAM 000005
Lcd_Write_String@i                 cstackCOMRAM 000007
MPU6050_Read@add                   cstackCOMRAM 000007
MPU6050_Read@retval                cstackCOMRAM 000005
MPU6050_Write@add                  cstackCOMRAM 000003
MPU6050_Write@data                 cstackCOMRAM 000002
_ADCON1bits                        (abs)        000FC1
_I2C_Init_Master                   text54       003D32
_I2C_Nack                          text41       003FB6
_I2C_Read                          text40       003FA0
_I2C_Restart                       text39       003FCC
_I2C_Start                         text46       003FF4
_I2C_Stop                          text45       003FE0
_I2C_Write                         text44       003F86
_LATDbits                          (abs)        000F8C
_Lcd_Clear                         text51       004008
_Lcd_Cmd                           text52       003F48
_Lcd_Init                          text50       003704
_Lcd_Port                          text53       003B4E
_Lcd_Set_Cursor                    text49       0031F0
_Lcd_Write_Char                    text48       003ECC
_Lcd_Write_String                  text47       003D74
_MPU6050_Init                      text42       003BAA
_MPU6050_Read                      text38       003DB4
_MPU6050_Read_Ax                   text35       0039C0
_MPU6050_Read_Ay                   text34       003950
_MPU6050_Read_Az                   text33       0038E0
_MPU6050_Read_Gx                   text32       003870
_MPU6050_Read_Gy                   text31       003800
_MPU6050_Read_Gz                   text30       003790
_MPU6050_Read_Temperature          text28       003670
_MPU6050_Write                     text43       003F68
_PIR1bits                          (abs)        000F9E
_SSPADD                            (abs)        000FC8
_SSPBUF                            (abs)        000FC9
_SSPCON1                           (abs)        000FC6
_SSPCON2                           (abs)        000FC5
_SSPCON2bits                       (abs)        000FC5
_SSPSTAT                           (abs)        000FC7
_TRISBbits                         (abs)        000F93
_TRISDbits                         (abs)        000F95
__HRAM                             (abs)        000000
__Habs1                            abs1         000000
__Hbank0                           bank0        000000
__Hbank1                           bank1        000000
__Hbank2                           bank2        000000
__Hbank3                           bank3        000000
__Hbank4                           bank4        000000
__Hbank5                           bank5        000000
__Hbank6                           bank6        000000
__Hbank7                           bank7        000000
__Hbigbss                          bigbss       000000
__Hbigdata                         bigdata      000000
__Hbigram                          bigram       000000
__Hbss                             bss          000000
__HbssBANK0                        bssBANK0     000000
__HbssBANK1                        bssBANK1     000000
__Hcinit                           cinit        000000
__Hclrtext                         clrtext      000000
__Hcomram                          comram       000000
__Hconfig                          config       30000E
__Hconst                           const        000000
__HcstackBANK0                     cstackBANK0  000000
__HcstackCOMRAM                    cstackCOMRAM 000000
__Hdata                            data         000000
__Heeprom_data                     eeprom_data  000000
__Hfarbss                          farbss       000000
__Hfardata                         fardata      000000
__Hibigdata                        ibigdata     000000
__Hidata                           idata        000000
__Hidloc                           idloc        200008
__Hifardata                        ifardata     000000
__Hinit                            init         000004
__Hintcode                         intcode      000000
__Hintcode_body                    intcode_body 000000
__Hintcodelo                       intcodelo    000000
__Hintentry                        intentry     000000
__Hintret                          intret       000000
__Hintsave_regs                    intsave_regs 000000
__Hirdata                          irdata       000000
__Hmediumconst                     mediumconst  000000
__HnvFARRAM                        nvFARRAM     000000
__Hnvbit                           nvbit        000000
__Hnvrram                          nvrram       000000
__Hparam                           rparam       000000
__Hpowerup                         powerup      000000
__Hram                             ram          000000
__Hramtop                          ramtop       000800
__Hrbit                            rbit         000000
__Hrbss                            rbss         000000
__Hrdata                           rdata        000000
__Hreset_vec                       reset_vec    000000
__Hrparam                          rparam       000000
__Hsfr                             sfr          000000
__Hsmallconst                      smallconst   000854
__Hspace_0                         (abs)        004018
__Hspace_1                         (abs)        000150
__Hspace_2                         (abs)        000000
__Hspace_4                         (abs)        60000E
__Hstack                           stack        000000
__Hstruct                          struct       000000
__Htemp                            temp         000000
__Htext                            text         000000
__Htext0                           text0        000000
__Htext1                           text1        000000
__Htext10                          text10       000000
__Htext11                          text11       000000
__Htext12                          text12       000000
__Htext13                          text13       000000
__Htext14                          text14       000000
__Htext15                          text15       000000
__Htext16                          text16       000000
__Htext17                          text17       000000
__Htext18                          text18       000000
__Htext19                          text19       000000
__Htext2                           text2        000000
__Htext20                          text20       000000
__Htext21                          text21       000000
__Htext22                          text22       000000
__Htext23                          text23       000000
__Htext24                          text24       000000
__Htext25                          text25       000000
__Htext26                          text26       000000
__Htext27                          text27       000000
__Htext28                          text28       000000
__Htext29                          text29       000000
__Htext3                           text3        000000
__Htext30                          text30       000000
__Htext31                          text31       000000
__Htext32                          text32       000000
__Htext33                          text33       000000
__Htext34                          text34       000000
__Htext35                          text35       000000
__Htext36                          text36       000000
__Htext37                          text37       000000
__Htext38                          text38       000000
__Htext39                          text39       000000
__Htext4                           text4        000000
__Htext40                          text40       000000
__Htext41                          text41       000000
__Htext42                          text42       000000
__Htext43                          text43       000000
__Htext44                          text44       000000
__Htext45                          text45       000000
__Htext46                          text46       000000
__Htext47                          text47       000000
__Htext48                          text48       000000
__Htext49                          text49       000000
__Htext5                           text5        000000
__Htext50                          text50       000000
__Htext51                          text51       000000
__Htext52                          text52       000000
__Htext53                          text53       000000
__Htext54                          text54       000000
__Htext6                           text6        000000
__Htext7                           text7        000000
__Htext8                           text8        000000
__Htext9                           text9        000000
__LRAM                             (abs)        000001
__Labs1                            abs1         000000
__Lbank0                           bank0        000000
__Lbank1                           bank1        000000
__Lbank2                           bank2        000000
__Lbank3                           bank3        000000
__Lbank4                           bank4        000000
__Lbank5                           bank5        000000
__Lbank6                           bank6        000000
__Lbank7                           bank7        000000
__Lbigbss                          bigbss       000000
__Lbigdata                         bigdata      000000
__Lbigram                          bigram       000000
__Lbss                             bss          000000
__LbssBANK0                        bssBANK0     000000
__LbssBANK1                        bssBANK1     000000
__Lcinit                           cinit        000000
__Lclrtext                         clrtext      000000
__Lcomram                          comram       000000
__Lconfig                          config       000000
__Lconst                           const        000000
__LcstackBANK0                     cstackBANK0  000000
__LcstackCOMRAM                    cstackCOMRAM 000000
__Ldata                            data         000000
__Leeprom_data                     eeprom_data  000000
__Lfarbss                          farbss       000000
__Lfardata                         fardata      000000
__Libigdata                        ibigdata     000000
__Lidata                           idata        000000
__Lidloc                           idloc        000000
__Lifardata                        ifardata     000000
__Linit                            init         000000
__Lintcode                         intcode      000000
__Lintcode_body                    intcode_body 000000
__Lintcodelo                       intcodelo    000000
__Lintentry                        intentry     000000
__Lintret                          intret       000000
__Lintsave_regs                    intsave_regs 000000
__Lirdata                          irdata       000000
__Lmediumconst                     mediumconst  000000
__LnvFARRAM                        nvFARRAM     000000
__Lnvbit                           nvbit        000000
__Lnvrram                          nvrram       000000
__Lparam                           rparam       000000
__Lpowerup                         powerup      000000
__Lram                             ram          000000
__Lramtop                          ramtop       000800
__Lrbit                            rbit         000000
__Lrbss                            rbss         000000
__Lrdata                           rdata        000000
__Lreset_vec                       reset_vec    000000
__Lrparam                          rparam       000000
__Lsfr                             sfr          000000
__Lsmallconst                      smallconst   000800
__Lspace_0                         (abs)        000000
__Lspace_1                         (abs)        000000
__Lspace_2                         (abs)        000000
__Lspace_4                         (abs)        000000
__Lstack                           stack        000000
__Lstruct                          struct       000000
__Ltemp                            temp         000000
__Ltext                            text         000000
__Ltext0                           text0        000000
__Ltext1                           text1        000000
__Ltext10                          text10       000000
__Ltext11                          text11       000000
__Ltext12                          text12       000000
__Ltext13                          text13       000000
__Ltext14                          text14       000000
__Ltext15                          text15       000000
__Ltext16                          text16       000000
__Ltext17                          text17       000000
__Ltext18                          text18       000000
__Ltext19                          text19       000000
__Ltext2                           text2        000000
__Ltext20                          text20       000000
__Ltext21                          text21       000000
__Ltext22                          text22       000000
__Ltext23                          text23       000000
__Ltext24                          text24       000000
__Ltext25                          text25       000000
__Ltext26                          text26       000000
__Ltext27                          text27       000000
__Ltext28                          text28       000000
__Ltext29                          text29       000000
__Ltext3                           text3        000000
__Ltext30                          text30       000000
__Ltext31                          text31       000000
__Ltext32                          text32       000000
__Ltext33                          text33       000000
__Ltext34                          text34       000000
__Ltext35                          text35       000000
__Ltext36                          text36       000000
__Ltext37                          text37       000000
__Ltext38                          text38       000000
__Ltext39                          text39       000000
__Ltext4                           text4        000000
__Ltext40                          text40       000000
__Ltext41                          text41       000000
__Ltext42                          text42       000000
__Ltext43                          text43       000000
__Ltext44                          text44       000000
__Ltext45                          text45       000000
__Ltext46                          text46       000000
__Ltext47                          text47       000000
__Ltext48                          text48       000000
__Ltext49                          text49       000000
__Ltext5                           text5        000000
__Ltext50                          text50       000000
__Ltext51                          text51       000000
__Ltext52                          text52       000000
__Ltext53                          text53       000000
__Ltext54                          text54       000000
__Ltext6                           text6        000000
__Ltext7                           text7        000000
__Ltext8                           text8        000000
__Ltext9                           text9        000000
__S0                               (abs)        004018
__S1                               (abs)        000150
__S2                               (abs)        000000
__S4                               (abs)        000000
__S5                               (abs)        000000
___awdiv                           text23       003452
___awdiv@counter                   cstackCOMRAM 000005
___awdiv@dividend                  cstackCOMRAM 000001
___awdiv@divisor                   cstackCOMRAM 000003
___awdiv@quotient                  cstackCOMRAM 000007
___awdiv@sign                      cstackCOMRAM 000006
___awmod                           text22       003516
___awmod@counter                   cstackCOMRAM 000005
___awmod@dividend                  cstackCOMRAM 000001
___awmod@divisor                   cstackCOMRAM 000003
___awmod@sign                      cstackCOMRAM 000006
___fladd                           text29       0019D0
___fladd@a                         cstackCOMRAM 000033
___fladd@aexp                      cstackCOMRAM 00003C
___fladd@b                         cstackCOMRAM 00002F
___fladd@bexp                      cstackCOMRAM 00003D
___fladd@grs                       cstackCOMRAM 00003E
___fladd@signs                     cstackCOMRAM 00003B
___fldiv                           text37       0022BA
___fldiv@a                         cstackCOMRAM 00001A
___fldiv@aexp                      cstackCOMRAM 00002E
___fldiv@b                         cstackCOMRAM 000016
___fldiv@bexp                      cstackCOMRAM 00002D
___fldiv@grs                       cstackCOMRAM 000029
___fldiv@new_exp                   cstackCOMRAM 000027
___fldiv@rem                       cstackCOMRAM 000022
___fldiv@sign                      cstackCOMRAM 000026
___fleq                            text21       0035C6
___fleq@ff1                        cstackCOMRAM 000001
___fleq@ff2                        cstackCOMRAM 000005
___flge                            text20       002F18
___flge@ff1                        cstackCOMRAM 00001A
___flge@ff2                        cstackCOMRAM 00001E
___flmul                           text19       001E90
___flmul@a                         cstackCOMRAM 000005
___flmul@aexp                      cstackCOMRAM 000012
___flmul@b                         cstackCOMRAM 000001
___flmul@bexp                      cstackCOMRAM 000013
___flmul@grs                       cstackCOMRAM 00000E
___flmul@prod                      cstackCOMRAM 000014
___flmul@sign                      cstackCOMRAM 00000D
___flmul@temp                      cstackCOMRAM 000018
___flneg                           text18       003E26
___flneg@f1                        cstackCOMRAM 000001
___flsub                           text17       003CA8
___flsub@a                         cstackCOMRAM 000043
___flsub@b                         cstackCOMRAM 00003F
___fltol                           text16       002E12
___fltol@exp1                      cstackCOMRAM 00000A
___fltol@f1                        cstackCOMRAM 000001
___fltol@sign1                     cstackCOMRAM 000009
___fpclassifyf                     text15       00301C
___fpclassifyf@F465                bssBANK0     0000C2
___fpclassifyf@e                   cstackCOMRAM 000009
___fpclassifyf@u                   cstackCOMRAM 00000B
___fpclassifyf@x                   cstackCOMRAM 000001
___inthi_sp                        stack        000000
___intlo_sp                        stack        000000
___param_bank                      (abs)        000000
___rparam_used                     (abs)        000001
___sp                              stack        000000
___wmul                            text27       003F00
___wmul@multiplicand               cstackCOMRAM 000003
___wmul@multiplier                 cstackCOMRAM 000001
___wmul@product                    cstackCOMRAM 000005
___xxtofl                          text36       002ACE
___xxtofl@arg                      cstackCOMRAM 000012
___xxtofl@exp                      cstackCOMRAM 000011
___xxtofl@sign                     cstackCOMRAM 000010
___xxtofl@val                      cstackCOMRAM 000008
__accesstop                        (abs)        000060
__activetblptr                     (abs)        000002
__end_of_I2C_Init_Master           text54       003D74
__end_of_I2C_Nack                  text41       003FCC
__end_of_I2C_Read                  text40       003FB6
__end_of_I2C_Restart               text39       003FE0
__end_of_I2C_Start                 text46       004008
__end_of_I2C_Stop                  text45       003FF4
__end_of_I2C_Write                 text44       003FA0
__end_of_Lcd_Clear                 text51       004016
__end_of_Lcd_Cmd                   text52       003F68
__end_of_Lcd_Init                  text50       003790
__end_of_Lcd_Port                  text53       003BAA
__end_of_Lcd_Set_Cursor            text49       0032C2
__end_of_Lcd_Write_Char            text48       003F00
__end_of_Lcd_Write_String          text47       003DB4
__end_of_MPU6050_Init              text42       003C04
__end_of_MPU6050_Read              text38       003DEE
__end_of_MPU6050_Read_Ax           text35       003A30
__end_of_MPU6050_Read_Ay           text34       0039C0
__end_of_MPU6050_Read_Az           text33       003950
__end_of_MPU6050_Read_Gx           text32       0038E0
__end_of_MPU6050_Read_Gy           text31       003870
__end_of_MPU6050_Read_Gz           text30       003800
__end_of_MPU6050_Read_Temperature  text28       003704
__end_of_MPU6050_Write             text43       003F86
__end_of___awdiv                   text23       003516
__end_of___awmod                   text22       0035C6
__end_of___fladd                   text29       001E90
__end_of___fldiv                   text37       002654
__end_of___fleq                    text21       003670
__end_of___flge                    text20       00301C
__end_of___flmul                   text19       0022BA
__end_of___flneg                   text18       003E5E
__end_of___flsub                   text17       003CEE
__end_of___fltol                   text16       002F18
__end_of___fpclassifyf             text15       00311A
__end_of___wmul                    text27       003F26
__end_of___xxtofl                  text36       002C82
__end_of__initialization           cinit        003F3E
__end_of_atoi                      text24       002E12
__end_of_efgtoa                    text5        0014AC
__end_of_floorf                    text14       002ACE
__end_of_fputc                     text12       00338C
__end_of_fputs                     text11       003D32
__end_of_isdigit                   text26       003E96
__end_of_isspace                   text25       003CA8
__end_of_isupper                   text7        003E26
__end_of_main                      text0        0028BC
__end_of_pad                       text9        003452
__end_of_putch                     text13       004018
__end_of_sprintf                   text1        003C56
__end_of_strcpy                    text8        003B4E
__end_of_strlen                    text10       003ECC
__end_of_strncmp                   text4        0031F0
__end_of_tolower                   text6        003AF2
__end_of_vfpfcnvrt                 text3        0019D0
__end_of_vfprintf                  text2        003A92
__initialization                   cinit        003F26
__mediumconst                      mediumconst  000000
__pbssBANK0                        bssBANK0     0000BE
__pbssBANK1                        bssBANK1     000100
__pcinit                           cinit        003F26
__pcstackBANK0                     cstackBANK0  000060
__pcstackCOMRAM                    cstackCOMRAM 000001
__psmallconst                      smallconst   000800
__ptext0                           text0        002654
__ptext1                           text1        003C04
__ptext10                          text10       003E96
__ptext11                          text11       003CEE
__ptext12                          text12       0032C2
__ptext13                          text13       004016
__ptext14                          text14       0028BC
__ptext15                          text15       00301C
__ptext16                          text16       002E12
__ptext17                          text17       003CA8
__ptext18                          text18       003E26
__ptext19                          text19       001E90
__ptext2                           text2        003A30
__ptext20                          text20       002F18
__ptext21                          text21       0035C6
__ptext22                          text22       003516
__ptext23                          text23       003452
__ptext24                          text24       002C82
__ptext25                          text25       003C56
__ptext26                          text26       003E5E
__ptext27                          text27       003F00
__ptext28                          text28       003670
__ptext29                          text29       0019D0
__ptext3                           text3        0014AC
__ptext30                          text30       003790
__ptext31                          text31       003800
__ptext32                          text32       003870
__ptext33                          text33       0038E0
__ptext34                          text34       003950
__ptext35                          text35       0039C0
__ptext36                          text36       002ACE
__ptext37                          text37       0022BA
__ptext38                          text38       003DB4
__ptext39                          text39       003FCC
__ptext4                           text4        00311A
__ptext40                          text40       003FA0
__ptext41                          text41       003FB6
__ptext42                          text42       003BAA
__ptext43                          text43       003F68
__ptext44                          text44       003F86
__ptext45                          text45       003FE0
__ptext46                          text46       003FF4
__ptext47                          text47       003D74
__ptext48                          text48       003ECC
__ptext49                          text49       0031F0
__ptext5                           text5        000854
__ptext50                          text50       003704
__ptext51                          text51       004008
__ptext52                          text52       003F48
__ptext53                          text53       003B4E
__ptext54                          text54       003D32
__ptext6                           text6        003A92
__ptext7                           text7        003DEE
__ptext8                           text8        003AF2
__ptext9                           text9        00338C
__ramtop                           ramtop       000800
__size_of_I2C_Init_Master          (abs)        000000
__size_of_I2C_Nack                 (abs)        000000
__size_of_I2C_Read                 (abs)        000000
__size_of_I2C_Restart              (abs)        000000
__size_of_I2C_Start                (abs)        000000
__size_of_I2C_Stop                 (abs)        000000
__size_of_I2C_Write                (abs)        000000
__size_of_Lcd_Clear                (abs)        000000
__size_of_Lcd_Cmd                  (abs)        000000
__size_of_Lcd_Init                 (abs)        000000
__size_of_Lcd_Port                 (abs)        000000
__size_of_Lcd_Set_Cursor           (abs)        000000
__size_of_Lcd_Write_Char           (abs)        000000
__size_of_Lcd_Write_String         (abs)        000000
__size_of_MPU6050_Init             (abs)        000000
__size_of_MPU6050_Read             (abs)        000000
__size_of_MPU6050_Read_Ax          (abs)        000000
__size_of_MPU6050_Read_Ay          (abs)        000000
__size_of_MPU6050_Read_Az          (abs)        000000
__size_of_MPU6050_Read_Gx          (abs)        000000
__size_of_MPU6050_Read_Gy          (abs)        000000
__size_of_MPU6050_Read_Gz          (abs)        000000
__size_of_MPU6050_Read_Temperature (abs)        000000
__size_of_MPU6050_Write            (abs)        000000
__size_of___awdiv                  (abs)        000000
__size_of___awmod                  (abs)        000000
__size_of___fladd                  (abs)        000000
__size_of___fldiv                  (abs)        000000
__size_of___fleq                   (abs)        000000
__size_of___flge                   (abs)        000000
__size_of___flmul                  (abs)        000000
__size_of___flneg                  (abs)        000000
__size_of___flsub                  (abs)        000000
__size_of___fltol                  (abs)        000000
__size_of___fpclassifyf            (abs)        000000
__size_of___wmul                   (abs)        000000
__size_of___xxtofl                 (abs)        000000
__size_of_atoi                     (abs)        000000
__size_of_efgtoa                   (abs)        000000
__size_of_floorf                   (abs)        000000
__size_of_fputc                    (abs)        000000
__size_of_fputs                    (abs)        000000
__size_of_isdigit                  (abs)        000000
__size_of_isspace                  (abs)        000000
__size_of_isupper                  (abs)        000000
__size_of_main                     (abs)        000000
__size_of_pad                      (abs)        000000
__size_of_putch                    (abs)        000000
__size_of_sprintf                  (abs)        000000
__size_of_strcpy                   (abs)        000000
__size_of_strlen                   (abs)        000000
__size_of_strncmp                  (abs)        000000
__size_of_tolower                  (abs)        000000
__size_of_vfpfcnvrt                (abs)        000000
__size_of_vfprintf                 (abs)        000000
__smallconst                       smallconst   000800
_atoi                              text24       002C82
_atoi$1034                         cstackCOMRAM 000010
_atoi$1035                         cstackCOMRAM 000014
_atoi$1036                         cstackCOMRAM 000012
_ax                                bssBANK0     0000DE
_ay                                bssBANK0     0000DA
_az                                bssBANK0     0000D6
_buffer                            bssBANK0     0000EA
_dbuf                              bssBANK1     000100
_efgtoa                            text5        000854
_efgtoa$970                        cstackBANK0  000060
_efgtoa$971                        cstackBANK0  000062
_efgtoa$976                        cstackBANK0  000064
_efgtoa$980                        cstackBANK0  000066
_efgtoa$981                        cstackBANK0  000068
_efgtoa$982                        cstackBANK0  00006A
_flags                             bssBANK0     0000E8
_floorf                            text14       0028BC
_fputc                             text12       0032C2
_fputs                             text11       003CEE
_gx                                bssBANK0     0000D2
_gy                                bssBANK0     0000CE
_gz                                bssBANK0     0000CA
_isdigit                           text26       003E5E
_isspace                           text25       003C56
_isspace$1065                      cstackCOMRAM 000007
_isupper                           text7        003DEE
_main                              text0        002654
_nout                              bssBANK0     0000E2
_pad                               text9        00338C
_prec                              bssBANK0     0000E6
_putch                             text13       004016
_sprintf                           text1        003C04
_strcpy                            text8        003AF2
_strlen                            text10       003E96
_strncmp                           text4        00311A
_t                                 bssBANK0     0000C6
_tolower                           text6        003A92
_tolower$1129                      cstackCOMRAM 00000D
_vfpfcnvrt                         text3        0014AC
_vfpfcnvrt$1000                    cstackBANK0  00009C
_vfpfcnvrt$996                     cstackBANK0  00009A
_vfprintf                          text2        003A30
_width                             bssBANK0     0000E4
atoi@n                             cstackCOMRAM 000015
atoi@neg                           cstackCOMRAM 00000E
atoi@s                             cstackCOMRAM 000008
efgtoa@c                           cstackCOMRAM 00004D
efgtoa@d                           cstackBANK0  000078
efgtoa@e                           cstackBANK0  000090
efgtoa@f                           cstackCOMRAM 000049
efgtoa@fp                          cstackCOMRAM 000047
efgtoa@g                           cstackBANK0  00008C
efgtoa@h                           cstackBANK0  000082
efgtoa@i                           cstackBANK0  00008A
efgtoa@l                           cstackBANK0  000086
efgtoa@m                           cstackBANK0  000072
efgtoa@mode                        cstackBANK0  000081
efgtoa@n                           cstackBANK0  000092
efgtoa@ne                          cstackBANK0  000070
efgtoa@nmode                       cstackBANK0  000080
efgtoa@ou                          cstackBANK0  000074
efgtoa@p                           cstackBANK0  00007C
efgtoa@pp                          cstackBANK0  00006E
efgtoa@sign                        cstackBANK0  00007A
efgtoa@t                           cstackBANK0  00006C
efgtoa@u                           cstackBANK0  000094
efgtoa@w                           cstackBANK0  00007E
end_of_initialization              cinit        003F3E
floorf@F527                        bssBANK0     0000BE
floorf@e                           cstackCOMRAM 00003D
floorf@m                           cstackCOMRAM 000039
floorf@u                           cstackCOMRAM 00003F
floorf@x                           cstackCOMRAM 00002F
fputc@c                            cstackCOMRAM 000001
fputc@fp                           cstackCOMRAM 000003
fputs@c                            cstackCOMRAM 00000E
fputs@fp                           cstackCOMRAM 00000C
fputs@i                            cstackCOMRAM 00000F
fputs@s                            cstackCOMRAM 00000A
intlevel0                          text         000000
intlevel1                          text         000000
intlevel2                          text         000000
intlevel3                          text         000000
isa$std                            (abs)        000001
isa$xinst                          (abs)        000000
isdigit@c                          cstackCOMRAM 000001
isspace@c                          cstackCOMRAM 000001
isupper@c                          cstackCOMRAM 000001
pad@buf                            cstackCOMRAM 000013
pad@fp                             cstackCOMRAM 000011
pad@i                              cstackCOMRAM 000018
pad@p                              cstackCOMRAM 000015
pad@w                              cstackCOMRAM 00001A
sprintf@ap                         cstackBANK0  0000B4
sprintf@f                          cstackBANK0  0000B6
sprintf@fmt                        cstackBANK0  0000AE
sprintf@s                          cstackBANK0  0000AC
stackhi                            (abs)        0007FF
stacklo                            (abs)        000150
start                              init         000000
start_initialization               cinit        003F26
strcpy@d                           cstackCOMRAM 000009
strcpy@dest                        cstackCOMRAM 000001
strcpy@s                           cstackCOMRAM 000007
strcpy@src                         cstackCOMRAM 000003
strlen@a                           cstackCOMRAM 000003
strlen@s                           cstackCOMRAM 000001
strncmp@_l                         cstackCOMRAM 000001
strncmp@_r                         cstackCOMRAM 000003
strncmp@l                          cstackCOMRAM 000008
strncmp@n                          cstackCOMRAM 000005
strncmp@r                          cstackCOMRAM 00000A
tolower@c                          cstackCOMRAM 000007
vfpfcnvrt@ap                       cstackCOMRAM 000057
vfpfcnvrt@c                        cstackBANK0  0000A5
vfpfcnvrt@ct                       cstackBANK0  0000A2
vfpfcnvrt@done                     cstackBANK0  000098
vfpfcnvrt@f                        cstackBANK0  00009E
vfpfcnvrt@fmt                      cstackCOMRAM 000055
vfpfcnvrt@fp                       cstackCOMRAM 000053
vfprintf@ap                        cstackBANK0  0000AA
vfprintf@cfmt                      cstackCOMRAM 00005D
vfprintf@fmt                       cstackBANK0  0000A8
vfprintf@fp                        cstackBANK0  0000A6


MODULE INFORMATION

Module		Function		Class		Link	Load	Size
C:\Program Files\Microchip\xc8\v2.32\pic\sources\c99\common\nf_sprintf.c
		_sprintf       		CODE           	3C04	0000	82

C:\Program Files\Microchip\xc8\v2.32\pic\sources\c99\common\nf_sprintf.c estimated size: 82

C:\Program Files\Microchip\xc8\v2.32\pic\sources\c99\common\awdiv.c
		___awdiv       		CODE           	3452	0000	196

C:\Program Files\Microchip\xc8\v2.32\pic\sources\c99\common\awdiv.c estimated size: 196

C:\Program Files\Microchip\xc8\v2.32\pic\sources\c99\common\isdigit.c
		_isdigit       		CODE           	3E5E	0000	56

C:\Program Files\Microchip\xc8\v2.32\pic\sources\c99\common\isdigit.c estimated size: 56

C:\Program Files\Microchip\xc8\v2.32\pic\sources\c99\common\sprcadd.c
		___flsub       		CODE           	3CA8	0000	70
		___fladd       		CODE           	19D0	0000	1216

C:\Program Files\Microchip\xc8\v2.32\pic\sources\c99\common\sprcadd.c estimated size: 1286

C:\Program Files\Microchip\xc8\v2.32\pic\sources\c99\common\doprnt.c
		_vfpfcnvrt     		CODE           	14AC	0000	1316
		_efgtoa        		CODE           	0854	0000	3160
		_pad           		CODE           	338C	0000	198
		_vfprintf      		CODE           	3A30	0000	98

C:\Program Files\Microchip\xc8\v2.32\pic\sources\c99\common\doprnt.c estimated size: 4772

C:\Program Files\Microchip\xc8\v2.32\pic\sources\c99\common\flneg.c
		___flneg       		CODE           	3E26	0000	56

C:\Program Files\Microchip\xc8\v2.32\pic\sources\c99\common\flneg.c estimated size: 56

i2c.c
		_I2C_Init_Master		CODE           	3D32	0000	66
		_I2C_Write     		CODE           	3F86	0000	26
		_I2C_Stop      		CODE           	3FE0	0000	20
		_I2C_Read      		CODE           	3FA0	0000	22
		_I2C_Nack      		CODE           	3FB6	0000	22
		_I2C_Start     		CODE           	3FF4	0000	20
		_I2C_Restart   		CODE           	3FCC	0000	20

i2c.c estimated size: 196

C:\Program Files\Microchip\xc8\v2.32\pic\sources\c99\common\atoi.c
		_atoi          		CODE           	2C82	0000	400

C:\Program Files\Microchip\xc8\v2.32\pic\sources\c99\common\atoi.c estimated size: 400

C:\Program Files\Microchip\xc8\v2.32\pic\sources\c99\common\nf_fputs.c
		_fputs         		CODE           	3CEE	0000	68

C:\Program Files\Microchip\xc8\v2.32\pic\sources\c99\common\nf_fputs.c estimated size: 68

C:\Program Files\Microchip\xc8\v2.32\pic\sources\c99\common\fleq.c
		___fleq        		CODE           	35C6	0000	170

C:\Program Files\Microchip\xc8\v2.32\pic\sources\c99\common\fleq.c estimated size: 170

C:\Program Files\Microchip\xc8\v2.32\pic\sources\c99\common\putch.c
		_putch         		CODE           	4016	0000	2

C:\Program Files\Microchip\xc8\v2.32\pic\sources\c99\common\putch.c estimated size: 2

C:\Program Files\Microchip\xc8\v2.32\pic\sources\c99\common\__fpclassifyf.c
		___fpclassifyf 		CODE           	301C	0000	254

C:\Program Files\Microchip\xc8\v2.32\pic\sources\c99\common\__fpclassifyf.c estimated size: 254

C:\Program Files\Microchip\xc8\v2.32\pic\sources\c99\common\isupper.c
		_isupper       		CODE           	3DEE	0000	56

C:\Program Files\Microchip\xc8\v2.32\pic\sources\c99\common\isupper.c estimated size: 56

C:\Program Files\Microchip\xc8\v2.32\pic\sources\c99\common\Umul16.c
		___wmul        		CODE           	3F00	0000	38

C:\Program Files\Microchip\xc8\v2.32\pic\sources\c99\common\Umul16.c estimated size: 38

C:\Program Files\Microchip\xc8\v2.32\pic\sources\c99\common\isspace.c
		_isspace       		CODE           	3C56	0000	82

C:\Program Files\Microchip\xc8\v2.32\pic\sources\c99\common\isspace.c estimated size: 82

C:\Program Files\Microchip\xc8\v2.32\pic\sources\c99\common\strncmp.c
		_strncmp       		CODE           	311A	0000	214

C:\Program Files\Microchip\xc8\v2.32\pic\sources\c99\common\strncmp.c estimated size: 214

C:\Program Files\Microchip\xc8\v2.32\pic\sources\c99\common\tolower.c
		_tolower       		CODE           	3A92	0000	96

C:\Program Files\Microchip\xc8\v2.32\pic\sources\c99\common\tolower.c estimated size: 96

shared
		__initialization		CODE           	3F26	0000	24

shared estimated size: 24

C:\Program Files\Microchip\xc8\v2.32\pic\sources\c99\common\sprcmul.c
		___flmul       		CODE           	1E90	0000	1066

C:\Program Files\Microchip\xc8\v2.32\pic\sources\c99\common\sprcmul.c estimated size: 1066

C:\Program Files\Microchip\xc8\v2.32\pic\sources\c99\common\awmod.c
		___awmod       		CODE           	3516	0000	176

C:\Program Files\Microchip\xc8\v2.32\pic\sources\c99\common\awmod.c estimated size: 176

C:\Program Files\Microchip\xc8\v2.32\pic\sources\c99\common\sprcdiv.c
		___fldiv       		CODE           	22BA	0000	922

C:\Program Files\Microchip\xc8\v2.32\pic\sources\c99\common\sprcdiv.c estimated size: 922

mpu6050.c
		_MPU6050_Read  		CODE           	3DB4	0000	58
		_MPU6050_Init  		CODE           	3BAA	0000	90
		_MPU6050_Write 		CODE           	3F68	0000	30
		_MPU6050_Read_Temperature		CODE           	3670	0000	148
		_MPU6050_Read_Ax		CODE           	39C0	0000	112
		_MPU6050_Read_Ay		CODE           	3950	0000	112
		_MPU6050_Read_Az		CODE           	38E0	0000	112
		_MPU6050_Read_Gx		CODE           	3870	0000	112
		_MPU6050_Read_Gy		CODE           	3800	0000	112
		_MPU6050_Read_Gz		CODE           	3790	0000	112

mpu6050.c estimated size: 998

lcd.c
		_Lcd_Write_String		CODE           	3D74	0000	64
		_Lcd_Init      		CODE           	3704	0000	140
		_Lcd_Write_Char		CODE           	3ECC	0000	52
		_Lcd_Cmd       		CODE           	3F48	0000	32
		_Lcd_Set_Cursor		CODE           	31F0	0000	210
		_Lcd_Clear     		CODE           	4008	0000	14
		_Lcd_Port      		CODE           	3B4E	0000	92

lcd.c estimated size: 604

C:\Program Files\Microchip\xc8\v2.32\pic\sources\c99\common\fltol.c
		___fltol       		CODE           	2E12	0000	262

C:\Program Files\Microchip\xc8\v2.32\pic\sources\c99\common\fltol.c estimated size: 262

C:\Program Files\Microchip\xc8\v2.32\pic\sources\c99\common\xxtofl.c
		___xxtofl      		CODE           	2ACE	0000	436

C:\Program Files\Microchip\xc8\v2.32\pic\sources\c99\common\xxtofl.c estimated size: 436

C:\Program Files\Microchip\xc8\v2.32\pic\sources\c99\common\nf_fputc.c
		_fputc         		CODE           	32C2	0000	202

C:\Program Files\Microchip\xc8\v2.32\pic\sources\c99\common\nf_fputc.c estimated size: 202

C:\Program Files\Microchip\xc8\v2.32\pic\sources\c99\common\strlen.c
		_strlen        		CODE           	3E96	0000	54

C:\Program Files\Microchip\xc8\v2.32\pic\sources\c99\common\strlen.c estimated size: 54

C:\Program Files\Microchip\xc8\v2.32\pic\sources\c99\common\flge.c
		___flge        		CODE           	2F18	0000	260

C:\Program Files\Microchip\xc8\v2.32\pic\sources\c99\common\flge.c estimated size: 260

C:\Program Files\Microchip\xc8\v2.32\pic\sources\c99\common\floorf.c
		_floorf        		CODE           	28BC	0000	530

C:\Program Files\Microchip\xc8\v2.32\pic\sources\c99\common\floorf.c estimated size: 530

C:\Program Files\Microchip\xc8\v2.32\pic\sources\c99\common\strcpy.c
		_strcpy        		CODE           	3AF2	0000	92

C:\Program Files\Microchip\xc8\v2.32\pic\sources\c99\common\strcpy.c estimated size: 92

MPU6050_Read.c
		_main          		CODE           	2654	0000	616

MPU6050_Read.c estimated size: 616

